[2026-05-21T07:38:55+00:00] Repair Agent D — migration runner starting.
[2026-05-21T07:38:55+00:00] Database: mit-bestand; URI: bolt://localhost:7687
[2026-05-21T07:38:55+00:00] Migration: E:\recherche\_neo4j\intake\runs\2026-05-20_radical_quality_reset\migrations\mig_repair_4_1_curated_excerpts_and_q1.cypher
[2026-05-21T07:38:55+00:00] Parsed 21 cypher statements from migration file.
[2026-05-21T07:38:55+00:00] Capturing baseline snapshot (read-only)...
[2026-05-21T07:38:58+00:00] Baseline: curated_no_excerpt=0, hat_bg_curated=254, q1_canonical=266, bg_donor_receiver=254
[2026-05-21T07:38:58+00:00] Applying migration: 21 statements.
[2026-05-21T07:38:58+00:00]   [01/21] mutation: MATCH (a:Akteur)-[r:HAT_AKTEURROLLE]->(role:Akteurrolle) WHERE r.evidence_origin='curated' AND (r.evidence_excerpt IS NULL OR r.evidence_excerpt='') AND r.e...
[2026-05-21T07:38:58+00:00]      -> rows=0, props_set=0, contains_updates=False, elapsed=0.003s
[2026-05-21T07:38:58+00:00]   [02/21] mutation: MATCH (a:Akteur)-[r:HAT_AKTEURTYP]->(typ:Akteurtyp) WHERE r.evidence_origin='curated' AND (r.evidence_excerpt IS NULL OR r.evidence_excerpt='') AND r.eviden...
[2026-05-21T07:38:58+00:00]      -> rows=0, props_set=0, contains_updates=False, elapsed=0.003s
[2026-05-21T07:38:58+00:00]   [03/21] mutation: MATCH (a:Akteur)-[r:LIEGT_IN_LAND]->(land:Land) WHERE r.evidence_origin='curated' AND (r.evidence_excerpt IS NULL OR r.evidence_excerpt='') AND r.evidence_s...
[2026-05-21T07:38:58+00:00]      -> rows=0, props_set=0, contains_updates=False, elapsed=0.004s
[2026-05-21T07:38:58+00:00]   [04/21] mutation: MATCH (a:Akteur)-[r:VERBUNDEN_MIT_AKTEUR]->(b:Akteur) WHERE r.evidence_origin='curated' AND (r.evidence_excerpt IS NULL OR r.evidence_excerpt='') AND r.evid...
[2026-05-21T07:38:58+00:00]      -> rows=0, props_set=0, contains_updates=False, elapsed=0.004s
[2026-05-21T07:38:58+00:00]   [05/21] mutation: MATCH (a:Akteur)-[r:ASSOZIIERT_MIT_PROJEKT]->(b) WHERE r.evidence_origin='curated' AND (r.evidence_excerpt IS NULL OR r.evidence_excerpt='') AND r.evidence_...
[2026-05-21T07:38:58+00:00]      -> rows=0, props_set=0, contains_updates=False, elapsed=0.003s
[2026-05-21T07:38:58+00:00]   [06/21] mutation: MATCH (a:Akteur)-[r:BELEGT_IN]->(q:Quelle) WHERE r.evidence_origin='curated' AND (r.evidence_excerpt IS NULL OR r.evidence_excerpt='') AND r.evidence_source...
[2026-05-21T07:38:58+00:00]      -> rows=0, props_set=0, contains_updates=False, elapsed=0.004s
[2026-05-21T07:38:58+00:00]   [07/21] mutation: MATCH (b:Bauwerk)-[r:BUILT_IN_ERA]->(era:BauwerkEra) WHERE r.evidence_origin='curated' AND r.evidence_basis='year_inferred' AND r.evidence_source_id='bauwer...
[2026-05-21T07:38:58+00:00]      -> rows=0, props_set=0, contains_updates=False, elapsed=0.002s
[2026-05-21T07:38:58+00:00]   [08/21] mutation: MATCH (p:Projekt)-[r:REQUIRES_VERIFICATION_FOR]->(s:Schadstoff) WHERE r.evidence_origin='curated' AND r.evidence_basis='project_rollup' AND r.evidence_sourc...
[2026-05-21T07:38:58+00:00]      -> rows=0, props_set=0, contains_updates=False, elapsed=0.002s
[2026-05-21T07:38:58+00:00]   [09/21] mutation: MATCH (p:Projekt)-[r:HAT_BAUTEILGRUPPE]->(bg:Bauteilgruppe) WHERE r.evidence_origin <> 'curated' AND exists{(bg)-[:FROM_DONOR]->()} AND exists{(bg)-[:INTO_R...
[2026-05-21T07:38:58+00:00]      -> rows=0, props_set=0, contains_updates=False, elapsed=0.006s
[2026-05-21T07:38:58+00:00]   [10/21] mutation: MATCH ()-[r]->() WHERE r.evidence_origin IS NOT NULL AND NOT r.evidence_origin IN ['curated','inferred','derived'] WITH r, apoc.convert.toList(r.evidence...
[2026-05-21T07:38:58+00:00]      -> rows=0, props_set=154, contains_updates=True, elapsed=0.186s
[2026-05-21T07:38:58+00:00]   [11/21] mutation: MATCH ()-[r]->() WHERE r.evidence_origin = 'curated' AND (r.evidence_excerpt IS NULL OR r.evidence_excerpt = '') AND r.derivation_note IS NOT NULL AND r.d...
[2026-05-21T07:38:58+00:00]      -> rows=0, props_set=22, contains_updates=True, elapsed=0.068s
[2026-05-21T07:38:58+00:00]   [12/21] mutation: MATCH ()-[r:BELEGT_IN]->() WHERE r.evidence_basis = 'research_file_row' SET r.evidence_basis = 'cell_citation', r.derivation_note = coalesce(r.derivation_no...
[2026-05-21T07:38:58+00:00]      -> rows=0, props_set=729, contains_updates=True, elapsed=0.053s
[2026-05-21T07:38:58+00:00]   [13/21] audit: MATCH ()-[r]->() WHERE r.evidence_origin = 'curated' AND (r.evidence_excerpt IS NULL OR r.evidence_excerpt = '') RETURN 'audit_curated_no_excerpt' AS rule, co...
[2026-05-21T07:38:58+00:00]      -> rows=0, props_set=0, contains_updates=False, elapsed=0.032s
[2026-05-21T07:38:58+00:00]   [14/21] audit: MATCH ()-[r]->() WHERE r.evidence_confidence = 'bookkeeping' AND coalesce(r.evidence_origin, '') <> 'derived' RETURN 'audit_bk_not_derived' AS rule, count(r)...
[2026-05-21T07:38:58+00:00]      -> rows=0, props_set=0, contains_updates=False, elapsed=0.024s
[2026-05-21T07:38:58+00:00]   [15/21] audit: MATCH ()-[r]->() WHERE r.evidence_origin IS NOT NULL AND NOT r.evidence_origin IN ['curated','inferred','derived'] RETURN 'audit_origin_enum' AS rule, count(r...
[2026-05-21T07:38:58+00:00]      -> rows=0, props_set=0, contains_updates=False, elapsed=0.028s
[2026-05-21T07:38:58+00:00]   [16/21] audit: MATCH ()-[r]->() WHERE r.evidence_confidence IS NOT NULL AND NOT r.evidence_confidence IN ['belegt','teilweise_belegt','unklar','inferiert','bookkeeping'] RET...
[2026-05-21T07:38:58+00:00]      -> rows=0, props_set=0, contains_updates=False, elapsed=0.03s
[2026-05-21T07:38:58+00:00]   [17/21] audit: MATCH ()-[r]->() WHERE type(r) IN [ 'BELEGT_IN','BETEILIGT_AN','ASSOZIIERT_MIT_PROJEKT', 'AUS_BAUWERK','FROM_DONOR','EINGEBAUT_IN','INTO_RECEIVER', 'HAT_B...
[2026-05-21T07:38:58+00:00]      -> rows=0, props_set=0, contains_updates=False, elapsed=0.028s
[2026-05-21T07:38:58+00:00]   [18/21] audit: MATCH ()-[r]->() WITH r, [k IN keys(r) WHERE k IN ['url','http','source_file','external_sources']] AS bad WHERE size(bad) > 0 RETURN 'audit_4c_relprops' AS rule...
[2026-05-21T07:38:58+00:00]      -> rows=0, props_set=0, contains_updates=False, elapsed=0.075s
[2026-05-21T07:38:58+00:00]   [19/21] audit: MATCH (:Projekt)-[r:BELEGT_IN]->(:Quelle {quelltyp:'external_link_from_actor_registry'}) RETURN 'audit_4c_projekt_to_actor_url' AS rule, count(r) AS violations
[2026-05-21T07:38:58+00:00]      -> rows=0, props_set=0, contains_updates=False, elapsed=0.004s
[2026-05-21T07:38:58+00:00]   [20/21] audit: MATCH (q:Quelle) WHERE q.external_sources IS NOT NULL RETURN 'audit_4c_quelle_external_sources' AS rule, count(q) AS violations
[2026-05-21T07:38:58+00:00]      -> rows=0, props_set=0, contains_updates=False, elapsed=0.002s
[2026-05-21T07:38:58+00:00]   [21/21] audit: MATCH (donor)<-[:FROM_DONOR]-(bg:Bauteilgruppe)-[:INTO_RECEIVER]->(receiver), (bg)<-[r:HAT_BAUTEILGRUPPE]-(p:Projekt) WHERE r.evidence_origin='curated' RE...
[2026-05-21T07:38:58+00:00]      -> rows=1, props_set=0, contains_updates=False, elapsed=0.004s
[2026-05-21T07:38:58+00:00] Capturing baseline snapshot (read-only)...
[2026-05-21T07:38:59+00:00] After:    curated_no_excerpt=0, hat_bg_curated=254, q1_canonical=266, bg_donor_receiver=254
[2026-05-21T07:38:59+00:00]   audit OK: audit_q1_canonical_rows = 266 (expected >= 1)
[2026-05-21T07:38:59+00:00] Final status: PASS
[2026-05-21T07:38:59+00:00] Audit JSON written: E:\recherche\_neo4j\intake\runs\2026-05-20_radical_quality_reset\logs\repair_d_runner.json
