[2026-05-20T20:42:43+00:00] connecting to bolt://localhost:7687 db='mit-bestand' as user='neo4j'
[2026-05-20T20:42:45+00:00] fetching stats / label_counts / rel_type_counts
[2026-05-20T20:42:45+00:00] expected counts from apoc.meta.stats: nodes=2580, rels=19989, labels=53, rel_types=68
[2026-05-20T20:42:45+00:00] exporting nodes...
[2026-05-20T20:42:45+00:00] nodes paged: skip=0, fetched=1000, total=1000/2580
[2026-05-20T20:42:45+00:00] nodes paged: skip=1000, fetched=1000, total=2000/2580
[2026-05-20T20:42:45+00:00] nodes paged: skip=2000, fetched=580, total=2580/2580
[2026-05-20T20:42:45+00:00] nodes export done: wrote 2580 lines
[2026-05-20T20:42:45+00:00] exporting relationships...
[2026-05-20T20:42:46+00:00] rels  paged: skip=0, fetched=1000, total=1000/19989
[2026-05-20T20:42:46+00:00] rels  paged: skip=1000, fetched=1000, total=2000/19989
[2026-05-20T20:42:46+00:00] rels  paged: skip=2000, fetched=1000, total=3000/19989
[2026-05-20T20:42:46+00:00] rels  paged: skip=3000, fetched=1000, total=4000/19989
[2026-05-20T20:42:46+00:00] rels  paged: skip=4000, fetched=1000, total=5000/19989
[2026-05-20T20:42:46+00:00] rels  paged: skip=5000, fetched=1000, total=6000/19989
[2026-05-20T20:42:46+00:00] rels  paged: skip=6000, fetched=1000, total=7000/19989
[2026-05-20T20:42:46+00:00] rels  paged: skip=7000, fetched=1000, total=8000/19989
[2026-05-20T20:42:46+00:00] rels  paged: skip=8000, fetched=1000, total=9000/19989
[2026-05-20T20:42:47+00:00] rels  paged: skip=9000, fetched=1000, total=10000/19989
[2026-05-20T20:42:47+00:00] rels  paged: skip=10000, fetched=1000, total=11000/19989
[2026-05-20T20:42:47+00:00] rels  paged: skip=11000, fetched=1000, total=12000/19989
[2026-05-20T20:42:47+00:00] rels  paged: skip=12000, fetched=1000, total=13000/19989
[2026-05-20T20:42:47+00:00] rels  paged: skip=13000, fetched=1000, total=14000/19989
[2026-05-20T20:42:47+00:00] rels  paged: skip=14000, fetched=1000, total=15000/19989
[2026-05-20T20:42:47+00:00] rels  paged: skip=15000, fetched=1000, total=16000/19989
[2026-05-20T20:42:47+00:00] rels  paged: skip=16000, fetched=1000, total=17000/19989
[2026-05-20T20:42:48+00:00] rels  paged: skip=17000, fetched=1000, total=18000/19989
[2026-05-20T20:42:48+00:00] rels  paged: skip=18000, fetched=1000, total=19000/19989
[2026-05-20T20:42:48+00:00] rels  paged: skip=19000, fetched=989, total=19989/19989
[2026-05-20T20:42:48+00:00] relationships export done: wrote 19989 lines
[2026-05-20T20:42:48+00:00] SNAPSHOT_DONE: nodes=2580/2580 rels=19989/19989 verified=True elapsed=5.3s
