Received notification from DBMS server: {severity: WARNING} {code: Neo.ClientNotification.Statement.UnknownLabelWarning} {category: UNRECOGNIZED} {title: The provided label is not in the database.} {description: One of the labels in your query is not available in the database, make sure you didn't misspell it or that the label is available when you run this statement in your application (the missing label name is: Geschaeftsmodell)} {position: line: 1, column: 19, offset: 18} for query: "OPTIONAL MATCH (g:Geschaeftsmodell)\nWITH count(g) AS n\nRETURN 'A.8 no_prior_geschaeftsmodell' AS test_id,\n       CASE WHEN n=0 THEN 'PASS' ELSE 'FAIL' END AS status,\n       n AS observed, 0 AS expected"
Connecting: neo4j://127.0.0.1:7687  db=mit-bestand  user=neo4j

========== PART A --PRE-MIGRATION (11 queries) ==========
  [PASS] A.1 marktmodell_present                  observed=3, expected=3, missing_ids=[]
  [PASS] A.2 material_present                     observed=11, expected=11, missing_ids=[]
  [PASS] A.3 bauteiltyp_present                   observed=13, expected=13, missing_ids=[]
  [PASS] A.4 akteurrolle_present                  observed=8, expected=8, missing_ids=[]
  [PASS] A.5 methode_present                      observed=5, expected=5, missing_ids=[]
  [PASS] A.6 take_anchors_present                 observed=30, expected=30, missing_ids=[]
  [PASS] A.7 non_take_currently_typed             observed=9, expected=9, not_currently_typed=[]
  [PASS] A.8 no_prior_geschaeftsmodell            observed=0, expected=0
  [PASS] A.9 no_prior_review_run_edges            observed=0, expected=0
  [PASS] A.10 preview_step0_removal               observed=9, expected=9
  [INFO] A.11 baseline_materialhub_count          observed_baseline_count=49

[OK] PART A all-PASS. Baseline at_materialhub_bauteilboerse count: 49

========== MIGRATION (14 statements) ==========
  [ 1/14] MATCH (a:Akteur)-[r:HAT_AKTEURTYP]->(:Akteurtyp {id:'at_materialhub_bauteilboerse'}) WHERE a.id I...  {'rels_-': 9}
  [ 2/14] CREATE CONSTRAINT geschaeftsmodell_id IF NOT EXISTS FOR (g:Geschaeftsmodell) REQUIRE g.id IS UNIQUE   {'constraints_+': 1}
  [ 3/14] UNWIND [ {id:'gm_shop_eigenstock', name:'Shop mit Eigenstock'}, {id:'gm_marketplace_vermittlung',...  {'nodes_+': 5, 'labels_+': 5, 'props_+': 20}
  [ 4/14] UNWIND [ {anchor:'articonnex', gm:'gm_shop_eigenstock', conf:'belegt'}, {anchor:'bauteilladen_win...  {'rels_+': 44, 'props_+': 132}
  [ 5/14] MATCH (a:Akteur)-[:HAT_GESCHAEFTSMODELL]->(:Geschaeftsmodell {id:'gm_shop_eigenstock'}), (r:Akteu...  {'rels_+': 6, 'props_+': 12}
  [ 6/14] UNWIND ['ar_materialbroker','ar_software_digitalisierung'] AS role_id MATCH (a:Akteur)-[:HAT_GESC...  {'rels_+': 2, 'props_+': 4}
  [ 7/14] UNWIND [ 'ar_rueckbau_bauteilernte_logistik', 'ar_aufbereitung_refurbishment', 'ar_materialliefer...  {'rels_+': 17, 'props_+': 34}
  [ 8/14] UNWIND ['ar_software_digitalisierung','ar_forschung_dokumentation'] AS role_id MATCH (a:Akteur)-[...  {'rels_+': 1, 'props_+': 2}
  [ 9/14] UNWIND ['ar_bildung_wissenstransfer','ar_forschung_dokumentation','ar_materialbroker'] AS role_id...  {'rels_+': 3, 'props_+': 6}
  [10/14] UNWIND ['meth_urban_mining','meth_pre_deconstruction_audit','meth_bauteilkatalogisierung'] AS m_i...  {'rels_+': 39, 'props_+': 78}
  [11/14] UNWIND ['meth_materialinventur','meth_bauteilkatalogisierung','meth_abrissmonitoring'] AS m_id MA...  {'rels_+': 2, 'props_+': 4}
  [12/14] UNWIND [ {anchor:'articonnex', mm:'mm_kauf_gebraucht'}, {anchor:'backacia', mm:'mm_plattform_verm...  {'rels_+': 30, 'props_+': 60}
  [13/14] UNWIND [ {anchor:'batiterre', target:'mat_glas'}, {anchor:'batiterre', target:'mat_gusseisen'}, {...  {'rels_+': 40, 'props_+': 120}
  [14/14] UNWIND [ {anchor:'baticycle', target:'bt_ausbau'}, {anchor:'baticycle', target:'bt_boden'}, {anch...  {'rels_+': 72, 'props_+': 216}

========== PART B --POST-MIGRATION (24 queries) ==========
  [?] B.0 post_migration_run_start             observed_at=neo4j.time.DateTime(2026, 6, 1, 6, 46, 40, 460000000, tzinfo=<UTC>)
  [PASS] B.1 step0_cleanup_done                   observed=0, expected=0, leftover_actors=[]
  [PASS] B.2 geschaeftsmodell_nodes_count         observed=5, expected=5, created_ids=['gm_shop_eigenstock', 'gm_marketplace_vermittlung', 'gm_dienstleistung_urban_mining', 'gm_saas_inventar_plattform', 'gm_netzwerk_aggregator']
  [PASS] B.3 geschaeftsmodell_id_set              observed=['gm_shop_eigenstock', 'gm_marketplace_vermittlung', 'gm_dienstleistung_urban_mining', 'gm_saas_inventar_plattform', 'gm_netzwerk_aggregator'], expected=['gm_shop_eigenstock', 'gm_marketplace_vermittlung', 'gm_dienstleistung_urban_mining', 'gm_saas_inventar_plattform', 'gm_netzwerk_aggregator']
  [PASS] B.4 hat_geschaeftsmodell_count           observed=44, expected=44
  [PASS] B.5 cluster_distribution                 observed=[{'cluster': 'gm_shop_eigenstock', 'actors': 11}, {'cluster': 'gm_marketplace_vermittlung', 'actors': 17}, {'cluster': 'gm_dienstleistung_urban_mining', 'actors': 13}, {'cluster': 'gm_saas_inventar_plattform', 'actors': 1}, {'cluster': 'gm_netzwerk_aggregator', 'actors': 2}], expected=[{'cluster': 'gm_marketplace_vermittlung', 'actors': 17}, {'cluster': 'gm_dienstleistung_urban_mining', 'actors': 13}, {'cluster': 'gm_shop_eigenstock', 'actors': 11}, {'cluster': 'gm_netzwerk_aggregator', 'actors': 2}, {'cluster': 'gm_saas_inventar_plattform', 'actors': 1}]
  [PASS] B.6 multi_edge_distribution              observed=[{'actors': 17, 'n_edges': 1}, {'actors': 12, 'n_edges': 2}, {'actors': 1, 'n_edges': 3}], expected=[{'actors': 17, 'n_edges': 1}, {'actors': 12, 'n_edges': 2}, {'actors': 1, 'n_edges': 3}]
  [PASS] B.7 every_take_actor_has_gm              observed_missing=0, expected_missing=0, actors_without_gm=[]
  [PASS] B.8 hat_marktmodell_count                observed=30, expected=30
  [PASS] B.10 nutzt_material_count                observed=40, expected=40
  [PASS] B.11 hat_bauteiltyp_count                observed=72, expected=72
  [PASS] B.12 strict_import_per_actor             observed=16, expected=16, per_actor=['baticycle/HAT_BAUTEILTYP:6', 'batiterre/HAT_BAUTEILTYP:10', 'batiterre/NUTZT_MATERIAL:5', 'baukarussell/HAT_BAUTEILTYP:7', 'baukarussell/NUTZT_MATERIAL:2', 'bauteilladen_winterthur/HAT_BAUTEILTYP:1', 'bauteilladen_winterthur/NUTZT_MATERIAL:2', 'bauteilnetz_deutschland/HAT_BAUTEILTYP:2', 'bauteilnetz_deutschland/NUTZT_MATERIAL:2', 'building_spares_market/HAT_BAUTEILTYP:7', 'building_spares_market/NUTZT_MATERIAL:7', 'cornermat_retrival/HAT_BAUTEILTYP:5', 'cornermat_retrival/NUTZT_MATERIAL:4', 'enviromate/HAT_BAUTEILTYP:1', 'enviromate/NUTZT_MATERIAL:1', 'gebruiktebouwmaterialen/HAT_BAUTEILTYP:9', 'gebruiktebouwmaterialen/NUTZT_MATERIAL:6', 'genbyg/HAT_BAUTEILTYP:3', 'genbyg/NUTZT_MATERIAL:1', 'material_index/HAT_BAUTEILTYP:5', 're_store_harvestmap_vienna/HAT_BAUTEILTYP:2', 're_store_harvestmap_vienna/NUTZT_MATERIAL:4', 'reempro/HAT_BAUTEILTYP:8', 'reempro/NUTZT_MATERIAL:2', 'rotordc/NUTZT_MATERIAL:1', 'software_restado/HAT_BAUTEILTYP:4', 'software_restado/NUTZT_MATERIAL:2', 'useagain_bauteilclick/HAT_BAUTEILTYP:2', 'useagain_bauteilclick/NUTZT_MATERIAL:1']
  [PASS] B.13 rotordc_spot_check                  observed={'mats': ['mat_keramik'], 'gms': ['gm_shop_eigenstock', 'gm_dienstleistung_urban_mining']}
  [PASS] B.14 material_index_triple_gm            observed=['gm_marketplace_vermittlung', 'gm_dienstleistung_urban_mining', 'gm_saas_inventar_plattform']
  [PASS] B.15 batiterre_strict_counts             observed={'mat': 5, 'bt': 10}, expected={'mat': 5, 'bt': 10}
  [PASS] B.16 rotordc_no_strict_bt                observed=0, expected=0
  [PASS] B.17 baticycle_no_strict_mat             observed=0, expected=0
  [PASS] B.18 spende_apps                         observed=[{'actor': 'batrecup', 'mm': 'mm_spende'}, {'actor': 'cycle_zero', 'mm': 'mm_spende'}]
  [PASS] B.19 urban_mining_role_fingerprint       observed_missing=0, expected_missing=0, actors_missing_role=[]
  [PASS] B.20 urban_mining_method_fingerprint     observed_missing=0, expected_missing=0, actors_missing_method=[]
  [INFO] B.21 final_materialhub_count             observed_final_count=40
  [PASS] B.22 no_orphan_gm_edges                  observed=0, expected=0
  [FAIL] B.23 schema_completeness                 observed_incomplete=1, expected_incomplete=0, incomplete_actors=[{'actor': 'software_restado', 'has_type': 0, 'has_marktmodell': 1}]

========== SUMMARY ==========
PART A: 11/11 PASS
Migration statements: 14 run, 0 error(s)
PART B: 22/23 PASS
materialhub_bauteilboerse actors: 49 -> 40 (delta -9, expected -9)
[FAIL] Issues --consider rollback (see FINAL_IMPORT_PLAN.md).
