Connecting: neo4j://127.0.0.1:7687  db=mit-bestand  user=neo4j
Loaded 16 anchors, 22 mat rows, 76 bt rows

--- STEP 1: anchor nodes ---
  anchors merged: n+=15 lbl+=15 p+=62
  LIEGT_IN_LAND: r+=15
  HAT_MARKTMODELL: r+=16
  HAT_AKTEURTYP (19 pairs): r+=19
  HAT_GESCHAEFTSMODELL (22 pairs): r+=22 p+=22
  BELEGT_IN (52 url pairs): n+=46 r+=50 lbl+=46 p+=150

--- STEP 7: fingerprint roles/methods ---
  roles for gm_shop_eigenstock                 : r+=10 p+=10
  roles for gm_marketplace_vermittlung         : r+=10 p+=10
  roles for gm_dienstleistung_urban_mining     : r+=24 p+=24
  roles for gm_saas_inventar_plattform         : {}
  roles for gm_netzwerk_aggregator             : {}
  methods for gm_dienstleistung_urban_mining   : r+=18 p+=18
  methods for gm_saas_inventar_plattform       : {}

--- STEP 8: strict imports ---
  NUTZT_MATERIAL (22 rows): r+=22 p+=88
  HAT_BAUTEILTYP (76 rows): r+=76 p+=304

--- VALIDATION ---
  [FAIL] archipel_sion_ressourcerie                         typ=1 land=1 mm=1 gm=1 roles=1 evidence=3 mat=5 bt=6
  [FAIL] baumatpool_ch                                      typ=1 land=1 mm=1 gm=1 roles=2 evidence=3 mat=1 bt=9
  [FAIL] bauteilboerse_basel_overall                        typ=1 land=1 mm=1 gm=1 roles=1 evidence=4 mat=1 bt=4
  [OK] bauteilverwertung_koeppel_klein                    typ=1 land=1 mm=1 gm=2 roles=5 evidence=3 mat=0 bt=4
  [FAIL] btvz_zuerichsee_oberland                           typ=1 land=1 mm=1 gm=1 roles=2 evidence=4 mat=2 bt=5
  [OK] ggzatwork_laden2_bauteile_zug                      typ=1 land=1 mm=1 gm=2 roles=5 evidence=3 mat=0 bt=4
  [FAIL] gruner_reuse_platform                              typ=2 land=1 mm=1 gm=1 roles=2 evidence=4 mat=0 bt=8
  [FAIL] hiltbrunner_reuse_riedtwil_wiederverwendung        typ=1 land=1 mm=1 gm=1 roles=1 evidence=3 mat=0 bt=4
  [FAIL] la_ressourcerie_fribourg                           typ=1 land=1 mm=1 gm=1 roles=1 evidence=3 mat=3 bt=4
  [OK] materiuum_geneve_ressourcerie                      typ=1 land=1 mm=1 gm=2 roles=6 evidence=4 mat=4 bt=8
  [FAIL] ressourcerie_lausanne_materiuum_ruul               typ=1 land=1 mm=1 gm=1 roles=1 evidence=3 mat=2 bt=4
  [FAIL] reuzi_ch                                           typ=2 land=1 mm=1 gm=1 roles=2 evidence=3 mat=2 bt=5
  [OK] salza                                              typ=2 land=1 mm=1 gm=1 roles=6 evidence=4 mat=0 bt=0
  [OK] stiftung_chance_bauteile_zuerich_glattbrugg        typ=1 land=1 mm=1 gm=2 roles=5 evidence=3 mat=0 bt=2
  [OK] syphon_ag_bauteilboerse_biel_bruegg                typ=1 land=1 mm=1 gm=2 roles=5 evidence=3 mat=0 bt=4
  [OK] wick_reuse_roto_baumarkt                           typ=1 land=1 mm=1 gm=2 roles=5 evidence=3 mat=2 bt=5
  new NUTZT_MATERIAL: 22
  new HAT_BAUTEILTYP: 76
  new HAT_GESCHAEFTSMODELL: 22
  Akteur with run_tag: 16

=== SUMMARY: 7/16 actors passed schema_check ===
